Working on goal 1 out of 1.
  1. (sum k'1: a_k'1) - c = 0
  2. forall j'1. a_j'1 + (sum k'1 <> {j'1}: a_k'1) - b_j'1 = 0
