Working on goal 1 out of 1.
  1. forall j'1. (sum k'1 <> {j'1}: a_k'1) = 0
