Working on goal 1 out of 1.
  1. (sum k': a_k') = 0
  2. -(a_i7) = 0
  3. 0 = 0
  4. forall j'. b_j' = 0
