Working on goal 1 out of 1.
  1. 2 * (sum k': 1) + (sum k': c) = 0
  2. forall j'. a_j'^2 - 2 - b_j' - c = 0
